// Jest Snapshot v1, https://goo.gl/fbAQLP

exports[`Matches snapshot large view: MemberModalLargeView 1`] = `
<div
  className="member-modal-container"
  data-testid="member-modal-container"
>
  <div
    className="container-helper"
  >
    <div
      className="justify-content-center main-modal-row row"
    >
      <div
        className="image-col col-lg-3"
      >
        <div
          className="image-cropper"
        >
          <img
            alt="First Member1"
            className="modal-member-image"
            src="placeholder-rectangle.png"
          />
        </div>
      </div>
      <div
        className="information-col col-lg-5"
      >
        <div
          className="information-container"
          data-testid="information-container"
        >
          <div
            className="row no-gutters"
          >
            <div
              className="col-1 offset-11"
            >
              <button
                className="MuiButtonBase-root MuiIconButton-root closing-btn"
                disabled={false}
                onBlur={[Function]}
                onClick={[Function]}
                onDragLeave={[Function]}
                onFocus={[Function]}
                onKeyDown={[Function]}
                onKeyUp={[Function]}
                onMouseDown={[Function]}
                onMouseLeave={[Function]}
                onMouseUp={[Function]}
                onTouchEnd={[Function]}
                onTouchMove={[Function]}
                onTouchStart={[Function]}
                tabIndex={0}
                type="button"
              >
                <span
                  className="MuiIconButton-label"
                >
                  <svg
                    aria-hidden={true}
                    className="MuiSvgIcon-root"
                    focusable="false"
                    viewBox="0 0 24 24"
                  >
                    <path
                      d="M19 6.41L17.59 5 12 10.59 6.41 5 5 6.41 10.59 12 5 17.59 6.41 19 12 13.41 17.59 19 19 17.59 13.41 12z"
                    />
                  </svg>
                </span>
              </button>
            </div>
          </div>
          <div
            className="row no-gutters"
          >
            <div
              className="member-titles"
            >
              <h2
                data-testid="member-fullName"
              >
                First Member1
              </h2>
              <strong>
                 
                Software Development
                 
              </strong>
              <div
                className="member-subtitles"
                style={
                  Object {
                    "display": "block",
                  }
                }
              >
                <h6>
                  <div>
                     
                     
                  </div>
                  <div
                    data-testid="member-subtitles"
                  >
                    Since 2015, 8 semesters
                  </div>
                </h6>
              </div>
            </div>
          </div>
          <div
            className="row no-gutters"
          >
            <p
              className="member-data"
              data-testid="member-data"
            >
              Mock member #1.
            </p>
          </div>
          <div
            className="justify-content-center row no-gutters"
          >
            <div
              className="data-buttons"
            >
              <a
                aria-disabled={false}
                className="MuiButtonBase-root MuiButton-root MuiButton-text member-modal-btn"
                href="https://github.com/1"
                onBlur={[Function]}
                onDragLeave={[Function]}
                onFocus={[Function]}
                onKeyDown={[Function]}
                onKeyUp={[Function]}
                onMouseDown={[Function]}
                onMouseLeave={[Function]}
                onMouseUp={[Function]}
                onTouchEnd={[Function]}
                onTouchMove={[Function]}
                onTouchStart={[Function]}
                tabIndex={0}
              >
                <span
                  className="MuiButton-label"
                >
                  <span
                    aria-hidden={true}
                    className="material-icons MuiIcon-root fab fa-github fa-fw"
                  />
                  <span
                    className="member-username"
                    data-testid="git_username1"
                  >
                    git_username1
                  </span>
                </span>
              </a>
              <br />
              <a
                aria-disabled={false}
                className="MuiButtonBase-root MuiButton-root MuiButton-text member-modal-btn"
                href="https://www.linkedin.com/1"
                onBlur={[Function]}
                onDragLeave={[Function]}
                onFocus={[Function]}
                onKeyDown={[Function]}
                onKeyUp={[Function]}
                onMouseDown={[Function]}
                onMouseLeave={[Function]}
                onMouseUp={[Function]}
                onTouchEnd={[Function]}
                onTouchMove={[Function]}
                onTouchStart={[Function]}
                tabIndex={0}
              >
                <span
                  className="MuiButton-label"
                >
                  <span
                    aria-hidden={true}
                    className="material-icons MuiIcon-root fab fa-linkedin fa-fw"
                  />
                  <span
                    className="member-username"
                    data-testid="LinkedIn"
                  >
                    LinkedIn
                  </span>
                </span>
              </a>
              <br />
            </div>
          </div>
        </div>
      </div>
    </div>
  </div>
</div>
`;
