// Jest Snapshot v1, https://goo.gl/fbAQLP

exports[`Matches snapshot with: Large width: MembersGridLargeView.test.js.snap 1`] = `
<div
  className="members-grid-container"
  data-testid="members-grid-container"
>
  <div>
    <div
      className="grid-title"
      style={
        Object {
          "display": "none",
        }
      }
    >
      <h1
        className="grid-title-text"
      >
        
      </h1>
    </div>
    <ul
      className="MuiGridList-root members-grid"
      style={
        Object {
          "margin": -1.5,
        }
      }
    >
      <li
        className="MuiGridListTile-root members-grid-tile"
        id="members-grid-tile-1"
        onClick={[Function]}
        style={
          Object {
            "height": "auto",
            "padding": 1.5,
            "width": "25%",
          }
        }
      >
        <div
          className="MuiGridListTile-tile"
        >
          <div
            className="member-image-container"
          >
            <img
              alt="First"
              className="member-image"
              src="placeholder-rectangle.png"
            />
            <div
              className="member-image-content"
            >
              <p>
                First Member1
              </p>
              <div
                className="member-image-icon"
              >
                <svg
                  aria-hidden="true"
                  className="svg-inline--fa fa-code fa-w-20 fa-1x "
                  data-icon="code"
                  data-prefix="fas"
                  focusable="false"
                  role="img"
                  style={Object {}}
                  viewBox="0 0 640 512"
                  xmlns="http://www.w3.org/2000/svg"
                >
                  <path
                    d="M278.9 511.5l-61-17.7c-6.4-1.8-10-8.5-8.2-14.9L346.2 8.7c1.8-6.4 8.5-10 14.9-8.2l61 17.7c6.4 1.8 10 8.5 8.2 14.9L293.8 503.3c-1.9 6.4-8.5 10.1-14.9 8.2zm-114-112.2l43.5-46.4c4.6-4.9 4.3-12.7-.8-17.2L117 256l90.6-79.7c5.1-4.5 5.5-12.3.8-17.2l-43.5-46.4c-4.5-4.8-12.1-5.1-17-.5L3.8 247.2c-5.1 4.7-5.1 12.8 0 17.5l144.1 135.1c4.9 4.6 12.5 4.4 17-.5zm327.2.6l144.1-135.1c5.1-4.7 5.1-12.8 0-17.5L492.1 112.1c-4.8-4.5-12.4-4.3-17 .5L431.6 159c-4.6 4.9-4.3 12.7.8 17.2L523 256l-90.6 79.7c-5.1 4.5-5.5 12.3-.8 17.2l43.5 46.4c4.5 4.9 12.1 5.1 17 .6z"
                    fill="currentColor"
                    style={Object {}}
                  />
                </svg>
              </div>
            </div>
          </div>
        </div>
      </li>
      <li
        className="MuiGridListTile-root members-grid-tile"
        id="members-grid-tile-3"
        onClick={[Function]}
        style={
          Object {
            "height": "auto",
            "padding": 1.5,
            "width": "25%",
          }
        }
      >
        <div
          className="MuiGridListTile-tile"
        >
          <div
            className="member-image-container"
          >
            <img
              alt="Third"
              className="member-image"
              src="placeholder-rectangle.png"
            />
            <div
              className="member-image-content"
            >
              <p>
                Third Member3
              </p>
              <div
                className="member-image-icon"
              >
                <svg
                  aria-hidden="true"
                  className="svg-inline--fa fa-rocket fa-w-16 fa-1x "
                  data-icon="rocket"
                  data-prefix="fas"
                  focusable="false"
                  role="img"
                  style={Object {}}
                  viewBox="0 0 512 512"
                  xmlns="http://www.w3.org/2000/svg"
                >
                  <path
                    d="M505.12019,19.09375c-1.18945-5.53125-6.65819-11-12.207-12.1875C460.716,0,435.507,0,410.40747,0,307.17523,0,245.26909,55.20312,199.05238,128H94.83772c-16.34763.01562-35.55658,11.875-42.88664,26.48438L2.51562,253.29688A28.4,28.4,0,0,0,0,264a24.00867,24.00867,0,0,0,24.00582,24H127.81618l-22.47457,22.46875c-11.36521,11.36133-12.99607,32.25781,0,45.25L156.24582,406.625c11.15623,11.1875,32.15619,13.15625,45.27726,0l22.47457-22.46875V488a24.00867,24.00867,0,0,0,24.00581,24,28.55934,28.55934,0,0,0,10.707-2.51562l98.72834-49.39063c14.62888-7.29687,26.50776-26.5,26.50776-42.85937V312.79688c72.59753-46.3125,128.03493-108.40626,128.03493-211.09376C512.07526,76.5,512.07526,51.29688,505.12019,19.09375ZM384.04033,168A40,40,0,1,1,424.05,128,40.02322,40.02322,0,0,1,384.04033,168Z"
                    fill="currentColor"
                    style={Object {}}
                  />
                </svg>
              </div>
            </div>
          </div>
        </div>
      </li>
      <li
        className="MuiGridListTile-root members-grid-tile"
        id="members-grid-tile-5"
        onClick={[Function]}
        style={
          Object {
            "height": "auto",
            "padding": 1.5,
            "width": "25%",
          }
        }
      >
        <div
          className="MuiGridListTile-tile"
        >
          <div
            className="member-image-container"
          >
            <img
              alt="Fifth"
              className="member-image"
              src="placeholder-rectangle.png"
            />
            <div
              className="member-image-content"
            >
              <p>
                Fifth Member5
              </p>
              <div
                className="member-image-icon"
              >
                <svg
                  aria-hidden="true"
                  className="svg-inline--fa fa-rocket fa-w-16 fa-1x "
                  data-icon="rocket"
                  data-prefix="fas"
                  focusable="false"
                  role="img"
                  style={Object {}}
                  viewBox="0 0 512 512"
                  xmlns="http://www.w3.org/2000/svg"
                >
                  <path
                    d="M505.12019,19.09375c-1.18945-5.53125-6.65819-11-12.207-12.1875C460.716,0,435.507,0,410.40747,0,307.17523,0,245.26909,55.20312,199.05238,128H94.83772c-16.34763.01562-35.55658,11.875-42.88664,26.48438L2.51562,253.29688A28.4,28.4,0,0,0,0,264a24.00867,24.00867,0,0,0,24.00582,24H127.81618l-22.47457,22.46875c-11.36521,11.36133-12.99607,32.25781,0,45.25L156.24582,406.625c11.15623,11.1875,32.15619,13.15625,45.27726,0l22.47457-22.46875V488a24.00867,24.00867,0,0,0,24.00581,24,28.55934,28.55934,0,0,0,10.707-2.51562l98.72834-49.39063c14.62888-7.29687,26.50776-26.5,26.50776-42.85937V312.79688c72.59753-46.3125,128.03493-108.40626,128.03493-211.09376C512.07526,76.5,512.07526,51.29688,505.12019,19.09375ZM384.04033,168A40,40,0,1,1,424.05,128,40.02322,40.02322,0,0,1,384.04033,168Z"
                    fill="currentColor"
                    style={Object {}}
                  />
                </svg>
              </div>
            </div>
          </div>
        </div>
      </li>
    </ul>
  </div>
  <div>
    <div
      className="grid-title"
      style={
        Object {
          "display": "block",
        }
      }
    >
      <h1
        className="grid-title-text"
      >
        RoBorregos Legacy
      </h1>
    </div>
    <ul
      className="MuiGridList-root members-grid"
      style={
        Object {
          "margin": -1.5,
        }
      }
    >
      <li
        className="MuiGridListTile-root members-grid-tile"
        id="members-grid-tile-2"
        onClick={[Function]}
        style={
          Object {
            "height": "auto",
            "padding": 1.5,
            "width": "25%",
          }
        }
      >
        <div
          className="MuiGridListTile-tile"
        >
          <div
            className="member-image-container"
          >
            <img
              alt="Second"
              className="member-image"
              src="placeholder-rectangle.png"
            />
            <div
              className="member-image-content"
            >
              <p>
                Second Member1
              </p>
              <div
                className="member-image-icon"
              >
                <svg
                  aria-hidden="true"
                  className="svg-inline--fa fa-cog fa-w-16 fa-1x "
                  data-icon="cog"
                  data-prefix="fas"
                  focusable="false"
                  role="img"
                  style={Object {}}
                  viewBox="0 0 512 512"
                  xmlns="http://www.w3.org/2000/svg"
                >
                  <path
                    d="M487.4 315.7l-42.6-24.6c4.3-23.2 4.3-47 0-70.2l42.6-24.6c4.9-2.8 7.1-8.6 5.5-14-11.1-35.6-30-67.8-54.7-94.6-3.8-4.1-10-5.1-14.8-2.3L380.8 110c-17.9-15.4-38.5-27.3-60.8-35.1V25.8c0-5.6-3.9-10.5-9.4-11.7-36.7-8.2-74.3-7.8-109.2 0-5.5 1.2-9.4 6.1-9.4 11.7V75c-22.2 7.9-42.8 19.8-60.8 35.1L88.7 85.5c-4.9-2.8-11-1.9-14.8 2.3-24.7 26.7-43.6 58.9-54.7 94.6-1.7 5.4.6 11.2 5.5 14L67.3 221c-4.3 23.2-4.3 47 0 70.2l-42.6 24.6c-4.9 2.8-7.1 8.6-5.5 14 11.1 35.6 30 67.8 54.7 94.6 3.8 4.1 10 5.1 14.8 2.3l42.6-24.6c17.9 15.4 38.5 27.3 60.8 35.1v49.2c0 5.6 3.9 10.5 9.4 11.7 36.7 8.2 74.3 7.8 109.2 0 5.5-1.2 9.4-6.1 9.4-11.7v-49.2c22.2-7.9 42.8-19.8 60.8-35.1l42.6 24.6c4.9 2.8 11 1.9 14.8-2.3 24.7-26.7 43.6-58.9 54.7-94.6 1.5-5.5-.7-11.3-5.6-14.1zM256 336c-44.1 0-80-35.9-80-80s35.9-80 80-80 80 35.9 80 80-35.9 80-80 80z"
                    fill="currentColor"
                    style={Object {}}
                  />
                </svg>
              </div>
            </div>
          </div>
        </div>
      </li>
      <li
        className="MuiGridListTile-root members-grid-tile"
        id="members-grid-tile-3"
        onClick={[Function]}
        style={
          Object {
            "height": "auto",
            "padding": 1.5,
            "width": "25%",
          }
        }
      >
        <div
          className="MuiGridListTile-tile"
        >
          <div
            className="member-image-container"
          >
            <img
              alt="Fourth"
              className="member-image"
              src="placeholder-rectangle.png"
            />
            <div
              className="member-image-content"
            >
              <p>
                Fourth Member4
              </p>
              <div
                className="member-image-icon"
              >
                <svg
                  aria-hidden="true"
                  className="svg-inline--fa fa-microchip fa-w-16 fa-1x "
                  data-icon="microchip"
                  data-prefix="fas"
                  focusable="false"
                  role="img"
                  style={Object {}}
                  viewBox="0 0 512 512"
                  xmlns="http://www.w3.org/2000/svg"
                >
                  <path
                    d="M416 48v416c0 26.51-21.49 48-48 48H144c-26.51 0-48-21.49-48-48V48c0-26.51 21.49-48 48-48h224c26.51 0 48 21.49 48 48zm96 58v12a6 6 0 0 1-6 6h-18v6a6 6 0 0 1-6 6h-42V88h42a6 6 0 0 1 6 6v6h18a6 6 0 0 1 6 6zm0 96v12a6 6 0 0 1-6 6h-18v6a6 6 0 0 1-6 6h-42v-48h42a6 6 0 0 1 6 6v6h18a6 6 0 0 1 6 6zm0 96v12a6 6 0 0 1-6 6h-18v6a6 6 0 0 1-6 6h-42v-48h42a6 6 0 0 1 6 6v6h18a6 6 0 0 1 6 6zm0 96v12a6 6 0 0 1-6 6h-18v6a6 6 0 0 1-6 6h-42v-48h42a6 6 0 0 1 6 6v6h18a6 6 0 0 1 6 6zM30 376h42v48H30a6 6 0 0 1-6-6v-6H6a6 6 0 0 1-6-6v-12a6 6 0 0 1 6-6h18v-6a6 6 0 0 1 6-6zm0-96h42v48H30a6 6 0 0 1-6-6v-6H6a6 6 0 0 1-6-6v-12a6 6 0 0 1 6-6h18v-6a6 6 0 0 1 6-6zm0-96h42v48H30a6 6 0 0 1-6-6v-6H6a6 6 0 0 1-6-6v-12a6 6 0 0 1 6-6h18v-6a6 6 0 0 1 6-6zm0-96h42v48H30a6 6 0 0 1-6-6v-6H6a6 6 0 0 1-6-6v-12a6 6 0 0 1 6-6h18v-6a6 6 0 0 1 6-6z"
                    fill="currentColor"
                    style={Object {}}
                  />
                </svg>
              </div>
            </div>
          </div>
        </div>
      </li>
      <li
        className="MuiGridListTile-root members-grid-tile"
        id="members-grid-tile-6"
        onClick={[Function]}
        style={
          Object {
            "height": "auto",
            "padding": 1.5,
            "width": "25%",
          }
        }
      >
        <div
          className="MuiGridListTile-tile"
        >
          <div
            className="member-image-container"
          >
            <img
              alt="Sixth"
              className="member-image"
              src="placeholder-rectangle.png"
            />
            <div
              className="member-image-content"
            >
              <p>
                Sixth Member6
              </p>
              <div
                className="member-image-icon"
              >
                <svg
                  aria-hidden="true"
                  className="svg-inline--fa fa-rocket fa-w-16 fa-1x "
                  data-icon="rocket"
                  data-prefix="fas"
                  focusable="false"
                  role="img"
                  style={Object {}}
                  viewBox="0 0 512 512"
                  xmlns="http://www.w3.org/2000/svg"
                >
                  <path
                    d="M505.12019,19.09375c-1.18945-5.53125-6.65819-11-12.207-12.1875C460.716,0,435.507,0,410.40747,0,307.17523,0,245.26909,55.20312,199.05238,128H94.83772c-16.34763.01562-35.55658,11.875-42.88664,26.48438L2.51562,253.29688A28.4,28.4,0,0,0,0,264a24.00867,24.00867,0,0,0,24.00582,24H127.81618l-22.47457,22.46875c-11.36521,11.36133-12.99607,32.25781,0,45.25L156.24582,406.625c11.15623,11.1875,32.15619,13.15625,45.27726,0l22.47457-22.46875V488a24.00867,24.00867,0,0,0,24.00581,24,28.55934,28.55934,0,0,0,10.707-2.51562l98.72834-49.39063c14.62888-7.29687,26.50776-26.5,26.50776-42.85937V312.79688c72.59753-46.3125,128.03493-108.40626,128.03493-211.09376C512.07526,76.5,512.07526,51.29688,505.12019,19.09375ZM384.04033,168A40,40,0,1,1,424.05,128,40.02322,40.02322,0,0,1,384.04033,168Z"
                    fill="currentColor"
                    style={Object {}}
                  />
                </svg>
              </div>
            </div>
          </div>
        </div>
      </li>
    </ul>
  </div>
</div>
`;

exports[`Matches snapshot with: Medium width: MembersGridMediumView.test.js.snap 1`] = `
<div
  className="members-grid-container"
  data-testid="members-grid-container"
>
  <div>
    <div
      className="grid-title"
      style={
        Object {
          "display": "none",
        }
      }
    >
      <h1
        className="grid-title-text"
      >
        
      </h1>
    </div>
    <ul
      className="MuiGridList-root members-grid"
      style={
        Object {
          "margin": -1.5,
        }
      }
    >
      <li
        className="MuiGridListTile-root members-grid-tile"
        id="members-grid-tile-1"
        onClick={[Function]}
        style={
          Object {
            "height": "auto",
            "padding": 1.5,
            "width": "25%",
          }
        }
      >
        <div
          className="MuiGridListTile-tile"
        >
          <div
            className="member-image-container"
          >
            <img
              alt="First"
              className="member-image"
              src="placeholder-rectangle.png"
            />
            <div
              className="member-image-content"
            >
              <p>
                First Member1
              </p>
              <div
                className="member-image-icon"
              >
                <svg
                  aria-hidden="true"
                  className="svg-inline--fa fa-code fa-w-20 fa-1x "
                  data-icon="code"
                  data-prefix="fas"
                  focusable="false"
                  role="img"
                  style={Object {}}
                  viewBox="0 0 640 512"
                  xmlns="http://www.w3.org/2000/svg"
                >
                  <path
                    d="M278.9 511.5l-61-17.7c-6.4-1.8-10-8.5-8.2-14.9L346.2 8.7c1.8-6.4 8.5-10 14.9-8.2l61 17.7c6.4 1.8 10 8.5 8.2 14.9L293.8 503.3c-1.9 6.4-8.5 10.1-14.9 8.2zm-114-112.2l43.5-46.4c4.6-4.9 4.3-12.7-.8-17.2L117 256l90.6-79.7c5.1-4.5 5.5-12.3.8-17.2l-43.5-46.4c-4.5-4.8-12.1-5.1-17-.5L3.8 247.2c-5.1 4.7-5.1 12.8 0 17.5l144.1 135.1c4.9 4.6 12.5 4.4 17-.5zm327.2.6l144.1-135.1c5.1-4.7 5.1-12.8 0-17.5L492.1 112.1c-4.8-4.5-12.4-4.3-17 .5L431.6 159c-4.6 4.9-4.3 12.7.8 17.2L523 256l-90.6 79.7c-5.1 4.5-5.5 12.3-.8 17.2l43.5 46.4c4.5 4.9 12.1 5.1 17 .6z"
                    fill="currentColor"
                    style={Object {}}
                  />
                </svg>
              </div>
            </div>
          </div>
        </div>
      </li>
      <li
        className="MuiGridListTile-root members-grid-tile"
        id="members-grid-tile-3"
        onClick={[Function]}
        style={
          Object {
            "height": "auto",
            "padding": 1.5,
            "width": "25%",
          }
        }
      >
        <div
          className="MuiGridListTile-tile"
        >
          <div
            className="member-image-container"
          >
            <img
              alt="Third"
              className="member-image"
              src="placeholder-rectangle.png"
            />
            <div
              className="member-image-content"
            >
              <p>
                Third Member3
              </p>
              <div
                className="member-image-icon"
              >
                <svg
                  aria-hidden="true"
                  className="svg-inline--fa fa-rocket fa-w-16 fa-1x "
                  data-icon="rocket"
                  data-prefix="fas"
                  focusable="false"
                  role="img"
                  style={Object {}}
                  viewBox="0 0 512 512"
                  xmlns="http://www.w3.org/2000/svg"
                >
                  <path
                    d="M505.12019,19.09375c-1.18945-5.53125-6.65819-11-12.207-12.1875C460.716,0,435.507,0,410.40747,0,307.17523,0,245.26909,55.20312,199.05238,128H94.83772c-16.34763.01562-35.55658,11.875-42.88664,26.48438L2.51562,253.29688A28.4,28.4,0,0,0,0,264a24.00867,24.00867,0,0,0,24.00582,24H127.81618l-22.47457,22.46875c-11.36521,11.36133-12.99607,32.25781,0,45.25L156.24582,406.625c11.15623,11.1875,32.15619,13.15625,45.27726,0l22.47457-22.46875V488a24.00867,24.00867,0,0,0,24.00581,24,28.55934,28.55934,0,0,0,10.707-2.51562l98.72834-49.39063c14.62888-7.29687,26.50776-26.5,26.50776-42.85937V312.79688c72.59753-46.3125,128.03493-108.40626,128.03493-211.09376C512.07526,76.5,512.07526,51.29688,505.12019,19.09375ZM384.04033,168A40,40,0,1,1,424.05,128,40.02322,40.02322,0,0,1,384.04033,168Z"
                    fill="currentColor"
                    style={Object {}}
                  />
                </svg>
              </div>
            </div>
          </div>
        </div>
      </li>
      <li
        className="MuiGridListTile-root members-grid-tile"
        id="members-grid-tile-5"
        onClick={[Function]}
        style={
          Object {
            "height": "auto",
            "padding": 1.5,
            "width": "25%",
          }
        }
      >
        <div
          className="MuiGridListTile-tile"
        >
          <div
            className="member-image-container"
          >
            <img
              alt="Fifth"
              className="member-image"
              src="placeholder-rectangle.png"
            />
            <div
              className="member-image-content"
            >
              <p>
                Fifth Member5
              </p>
              <div
                className="member-image-icon"
              >
                <svg
                  aria-hidden="true"
                  className="svg-inline--fa fa-rocket fa-w-16 fa-1x "
                  data-icon="rocket"
                  data-prefix="fas"
                  focusable="false"
                  role="img"
                  style={Object {}}
                  viewBox="0 0 512 512"
                  xmlns="http://www.w3.org/2000/svg"
                >
                  <path
                    d="M505.12019,19.09375c-1.18945-5.53125-6.65819-11-12.207-12.1875C460.716,0,435.507,0,410.40747,0,307.17523,0,245.26909,55.20312,199.05238,128H94.83772c-16.34763.01562-35.55658,11.875-42.88664,26.48438L2.51562,253.29688A28.4,28.4,0,0,0,0,264a24.00867,24.00867,0,0,0,24.00582,24H127.81618l-22.47457,22.46875c-11.36521,11.36133-12.99607,32.25781,0,45.25L156.24582,406.625c11.15623,11.1875,32.15619,13.15625,45.27726,0l22.47457-22.46875V488a24.00867,24.00867,0,0,0,24.00581,24,28.55934,28.55934,0,0,0,10.707-2.51562l98.72834-49.39063c14.62888-7.29687,26.50776-26.5,26.50776-42.85937V312.79688c72.59753-46.3125,128.03493-108.40626,128.03493-211.09376C512.07526,76.5,512.07526,51.29688,505.12019,19.09375ZM384.04033,168A40,40,0,1,1,424.05,128,40.02322,40.02322,0,0,1,384.04033,168Z"
                    fill="currentColor"
                    style={Object {}}
                  />
                </svg>
              </div>
            </div>
          </div>
        </div>
      </li>
    </ul>
  </div>
  <div>
    <div
      className="grid-title"
      style={
        Object {
          "display": "block",
        }
      }
    >
      <h1
        className="grid-title-text"
      >
        RoBorregos Legacy
      </h1>
    </div>
    <ul
      className="MuiGridList-root members-grid"
      style={
        Object {
          "margin": -1.5,
        }
      }
    >
      <li
        className="MuiGridListTile-root members-grid-tile"
        id="members-grid-tile-2"
        onClick={[Function]}
        style={
          Object {
            "height": "auto",
            "padding": 1.5,
            "width": "25%",
          }
        }
      >
        <div
          className="MuiGridListTile-tile"
        >
          <div
            className="member-image-container"
          >
            <img
              alt="Second"
              className="member-image"
              src="placeholder-rectangle.png"
            />
            <div
              className="member-image-content"
            >
              <p>
                Second Member1
              </p>
              <div
                className="member-image-icon"
              >
                <svg
                  aria-hidden="true"
                  className="svg-inline--fa fa-cog fa-w-16 fa-1x "
                  data-icon="cog"
                  data-prefix="fas"
                  focusable="false"
                  role="img"
                  style={Object {}}
                  viewBox="0 0 512 512"
                  xmlns="http://www.w3.org/2000/svg"
                >
                  <path
                    d="M487.4 315.7l-42.6-24.6c4.3-23.2 4.3-47 0-70.2l42.6-24.6c4.9-2.8 7.1-8.6 5.5-14-11.1-35.6-30-67.8-54.7-94.6-3.8-4.1-10-5.1-14.8-2.3L380.8 110c-17.9-15.4-38.5-27.3-60.8-35.1V25.8c0-5.6-3.9-10.5-9.4-11.7-36.7-8.2-74.3-7.8-109.2 0-5.5 1.2-9.4 6.1-9.4 11.7V75c-22.2 7.9-42.8 19.8-60.8 35.1L88.7 85.5c-4.9-2.8-11-1.9-14.8 2.3-24.7 26.7-43.6 58.9-54.7 94.6-1.7 5.4.6 11.2 5.5 14L67.3 221c-4.3 23.2-4.3 47 0 70.2l-42.6 24.6c-4.9 2.8-7.1 8.6-5.5 14 11.1 35.6 30 67.8 54.7 94.6 3.8 4.1 10 5.1 14.8 2.3l42.6-24.6c17.9 15.4 38.5 27.3 60.8 35.1v49.2c0 5.6 3.9 10.5 9.4 11.7 36.7 8.2 74.3 7.8 109.2 0 5.5-1.2 9.4-6.1 9.4-11.7v-49.2c22.2-7.9 42.8-19.8 60.8-35.1l42.6 24.6c4.9 2.8 11 1.9 14.8-2.3 24.7-26.7 43.6-58.9 54.7-94.6 1.5-5.5-.7-11.3-5.6-14.1zM256 336c-44.1 0-80-35.9-80-80s35.9-80 80-80 80 35.9 80 80-35.9 80-80 80z"
                    fill="currentColor"
                    style={Object {}}
                  />
                </svg>
              </div>
            </div>
          </div>
        </div>
      </li>
      <li
        className="MuiGridListTile-root members-grid-tile"
        id="members-grid-tile-3"
        onClick={[Function]}
        style={
          Object {
            "height": "auto",
            "padding": 1.5,
            "width": "25%",
          }
        }
      >
        <div
          className="MuiGridListTile-tile"
        >
          <div
            className="member-image-container"
          >
            <img
              alt="Fourth"
              className="member-image"
              src="placeholder-rectangle.png"
            />
            <div
              className="member-image-content"
            >
              <p>
                Fourth Member4
              </p>
              <div
                className="member-image-icon"
              >
                <svg
                  aria-hidden="true"
                  className="svg-inline--fa fa-microchip fa-w-16 fa-1x "
                  data-icon="microchip"
                  data-prefix="fas"
                  focusable="false"
                  role="img"
                  style={Object {}}
                  viewBox="0 0 512 512"
                  xmlns="http://www.w3.org/2000/svg"
                >
                  <path
                    d="M416 48v416c0 26.51-21.49 48-48 48H144c-26.51 0-48-21.49-48-48V48c0-26.51 21.49-48 48-48h224c26.51 0 48 21.49 48 48zm96 58v12a6 6 0 0 1-6 6h-18v6a6 6 0 0 1-6 6h-42V88h42a6 6 0 0 1 6 6v6h18a6 6 0 0 1 6 6zm0 96v12a6 6 0 0 1-6 6h-18v6a6 6 0 0 1-6 6h-42v-48h42a6 6 0 0 1 6 6v6h18a6 6 0 0 1 6 6zm0 96v12a6 6 0 0 1-6 6h-18v6a6 6 0 0 1-6 6h-42v-48h42a6 6 0 0 1 6 6v6h18a6 6 0 0 1 6 6zm0 96v12a6 6 0 0 1-6 6h-18v6a6 6 0 0 1-6 6h-42v-48h42a6 6 0 0 1 6 6v6h18a6 6 0 0 1 6 6zM30 376h42v48H30a6 6 0 0 1-6-6v-6H6a6 6 0 0 1-6-6v-12a6 6 0 0 1 6-6h18v-6a6 6 0 0 1 6-6zm0-96h42v48H30a6 6 0 0 1-6-6v-6H6a6 6 0 0 1-6-6v-12a6 6 0 0 1 6-6h18v-6a6 6 0 0 1 6-6zm0-96h42v48H30a6 6 0 0 1-6-6v-6H6a6 6 0 0 1-6-6v-12a6 6 0 0 1 6-6h18v-6a6 6 0 0 1 6-6zm0-96h42v48H30a6 6 0 0 1-6-6v-6H6a6 6 0 0 1-6-6v-12a6 6 0 0 1 6-6h18v-6a6 6 0 0 1 6-6z"
                    fill="currentColor"
                    style={Object {}}
                  />
                </svg>
              </div>
            </div>
          </div>
        </div>
      </li>
      <li
        className="MuiGridListTile-root members-grid-tile"
        id="members-grid-tile-6"
        onClick={[Function]}
        style={
          Object {
            "height": "auto",
            "padding": 1.5,
            "width": "25%",
          }
        }
      >
        <div
          className="MuiGridListTile-tile"
        >
          <div
            className="member-image-container"
          >
            <img
              alt="Sixth"
              className="member-image"
              src="placeholder-rectangle.png"
            />
            <div
              className="member-image-content"
            >
              <p>
                Sixth Member6
              </p>
              <div
                className="member-image-icon"
              >
                <svg
                  aria-hidden="true"
                  className="svg-inline--fa fa-rocket fa-w-16 fa-1x "
                  data-icon="rocket"
                  data-prefix="fas"
                  focusable="false"
                  role="img"
                  style={Object {}}
                  viewBox="0 0 512 512"
                  xmlns="http://www.w3.org/2000/svg"
                >
                  <path
                    d="M505.12019,19.09375c-1.18945-5.53125-6.65819-11-12.207-12.1875C460.716,0,435.507,0,410.40747,0,307.17523,0,245.26909,55.20312,199.05238,128H94.83772c-16.34763.01562-35.55658,11.875-42.88664,26.48438L2.51562,253.29688A28.4,28.4,0,0,0,0,264a24.00867,24.00867,0,0,0,24.00582,24H127.81618l-22.47457,22.46875c-11.36521,11.36133-12.99607,32.25781,0,45.25L156.24582,406.625c11.15623,11.1875,32.15619,13.15625,45.27726,0l22.47457-22.46875V488a24.00867,24.00867,0,0,0,24.00581,24,28.55934,28.55934,0,0,0,10.707-2.51562l98.72834-49.39063c14.62888-7.29687,26.50776-26.5,26.50776-42.85937V312.79688c72.59753-46.3125,128.03493-108.40626,128.03493-211.09376C512.07526,76.5,512.07526,51.29688,505.12019,19.09375ZM384.04033,168A40,40,0,1,1,424.05,128,40.02322,40.02322,0,0,1,384.04033,168Z"
                    fill="currentColor"
                    style={Object {}}
                  />
                </svg>
              </div>
            </div>
          </div>
        </div>
      </li>
    </ul>
  </div>
</div>
`;

exports[`Matches snapshot with: Mobile width: MembersGridMobileView.test.js.snap 1`] = `
<div
  className="members-grid-container"
  data-testid="members-grid-container"
>
  <div>
    <div
      className="grid-title"
      style={
        Object {
          "display": "none",
        }
      }
    >
      <h1
        className="grid-title-text"
      >
        
      </h1>
    </div>
    <ul
      className="MuiGridList-root members-grid"
      style={
        Object {
          "margin": -1.5,
        }
      }
    >
      <li
        className="MuiGridListTile-root members-grid-tile"
        id="members-grid-tile-1"
        onClick={[Function]}
        style={
          Object {
            "height": "auto",
            "padding": 1.5,
            "width": "33.333333333333336%",
          }
        }
      >
        <div
          className="MuiGridListTile-tile"
        >
          <div
            className="member-image-container"
          >
            <img
              alt="First"
              className="member-image"
              src="placeholder-rectangle.png"
            />
            <div
              className="member-image-content"
            >
              <p>
                First Member1
              </p>
              <div
                className="member-image-icon"
              >
                <svg
                  aria-hidden="true"
                  className="svg-inline--fa fa-code fa-w-20 fa-1x "
                  data-icon="code"
                  data-prefix="fas"
                  focusable="false"
                  role="img"
                  style={Object {}}
                  viewBox="0 0 640 512"
                  xmlns="http://www.w3.org/2000/svg"
                >
                  <path
                    d="M278.9 511.5l-61-17.7c-6.4-1.8-10-8.5-8.2-14.9L346.2 8.7c1.8-6.4 8.5-10 14.9-8.2l61 17.7c6.4 1.8 10 8.5 8.2 14.9L293.8 503.3c-1.9 6.4-8.5 10.1-14.9 8.2zm-114-112.2l43.5-46.4c4.6-4.9 4.3-12.7-.8-17.2L117 256l90.6-79.7c5.1-4.5 5.5-12.3.8-17.2l-43.5-46.4c-4.5-4.8-12.1-5.1-17-.5L3.8 247.2c-5.1 4.7-5.1 12.8 0 17.5l144.1 135.1c4.9 4.6 12.5 4.4 17-.5zm327.2.6l144.1-135.1c5.1-4.7 5.1-12.8 0-17.5L492.1 112.1c-4.8-4.5-12.4-4.3-17 .5L431.6 159c-4.6 4.9-4.3 12.7.8 17.2L523 256l-90.6 79.7c-5.1 4.5-5.5 12.3-.8 17.2l43.5 46.4c4.5 4.9 12.1 5.1 17 .6z"
                    fill="currentColor"
                    style={Object {}}
                  />
                </svg>
              </div>
            </div>
          </div>
        </div>
      </li>
      <li
        className="MuiGridListTile-root members-grid-tile"
        id="members-grid-tile-3"
        onClick={[Function]}
        style={
          Object {
            "height": "auto",
            "padding": 1.5,
            "width": "33.333333333333336%",
          }
        }
      >
        <div
          className="MuiGridListTile-tile"
        >
          <div
            className="member-image-container"
          >
            <img
              alt="Third"
              className="member-image"
              src="placeholder-rectangle.png"
            />
            <div
              className="member-image-content"
            >
              <p>
                Third Member3
              </p>
              <div
                className="member-image-icon"
              >
                <svg
                  aria-hidden="true"
                  className="svg-inline--fa fa-rocket fa-w-16 fa-1x "
                  data-icon="rocket"
                  data-prefix="fas"
                  focusable="false"
                  role="img"
                  style={Object {}}
                  viewBox="0 0 512 512"
                  xmlns="http://www.w3.org/2000/svg"
                >
                  <path
                    d="M505.12019,19.09375c-1.18945-5.53125-6.65819-11-12.207-12.1875C460.716,0,435.507,0,410.40747,0,307.17523,0,245.26909,55.20312,199.05238,128H94.83772c-16.34763.01562-35.55658,11.875-42.88664,26.48438L2.51562,253.29688A28.4,28.4,0,0,0,0,264a24.00867,24.00867,0,0,0,24.00582,24H127.81618l-22.47457,22.46875c-11.36521,11.36133-12.99607,32.25781,0,45.25L156.24582,406.625c11.15623,11.1875,32.15619,13.15625,45.27726,0l22.47457-22.46875V488a24.00867,24.00867,0,0,0,24.00581,24,28.55934,28.55934,0,0,0,10.707-2.51562l98.72834-49.39063c14.62888-7.29687,26.50776-26.5,26.50776-42.85937V312.79688c72.59753-46.3125,128.03493-108.40626,128.03493-211.09376C512.07526,76.5,512.07526,51.29688,505.12019,19.09375ZM384.04033,168A40,40,0,1,1,424.05,128,40.02322,40.02322,0,0,1,384.04033,168Z"
                    fill="currentColor"
                    style={Object {}}
                  />
                </svg>
              </div>
            </div>
          </div>
        </div>
      </li>
      <li
        className="MuiGridListTile-root members-grid-tile"
        id="members-grid-tile-5"
        onClick={[Function]}
        style={
          Object {
            "height": "auto",
            "padding": 1.5,
            "width": "33.333333333333336%",
          }
        }
      >
        <div
          className="MuiGridListTile-tile"
        >
          <div
            className="member-image-container"
          >
            <img
              alt="Fifth"
              className="member-image"
              src="placeholder-rectangle.png"
            />
            <div
              className="member-image-content"
            >
              <p>
                Fifth Member5
              </p>
              <div
                className="member-image-icon"
              >
                <svg
                  aria-hidden="true"
                  className="svg-inline--fa fa-rocket fa-w-16 fa-1x "
                  data-icon="rocket"
                  data-prefix="fas"
                  focusable="false"
                  role="img"
                  style={Object {}}
                  viewBox="0 0 512 512"
                  xmlns="http://www.w3.org/2000/svg"
                >
                  <path
                    d="M505.12019,19.09375c-1.18945-5.53125-6.65819-11-12.207-12.1875C460.716,0,435.507,0,410.40747,0,307.17523,0,245.26909,55.20312,199.05238,128H94.83772c-16.34763.01562-35.55658,11.875-42.88664,26.48438L2.51562,253.29688A28.4,28.4,0,0,0,0,264a24.00867,24.00867,0,0,0,24.00582,24H127.81618l-22.47457,22.46875c-11.36521,11.36133-12.99607,32.25781,0,45.25L156.24582,406.625c11.15623,11.1875,32.15619,13.15625,45.27726,0l22.47457-22.46875V488a24.00867,24.00867,0,0,0,24.00581,24,28.55934,28.55934,0,0,0,10.707-2.51562l98.72834-49.39063c14.62888-7.29687,26.50776-26.5,26.50776-42.85937V312.79688c72.59753-46.3125,128.03493-108.40626,128.03493-211.09376C512.07526,76.5,512.07526,51.29688,505.12019,19.09375ZM384.04033,168A40,40,0,1,1,424.05,128,40.02322,40.02322,0,0,1,384.04033,168Z"
                    fill="currentColor"
                    style={Object {}}
                  />
                </svg>
              </div>
            </div>
          </div>
        </div>
      </li>
    </ul>
  </div>
  <div>
    <div
      className="grid-title"
      style={
        Object {
          "display": "block",
        }
      }
    >
      <h1
        className="grid-title-text"
      >
        RoBorregos Legacy
      </h1>
    </div>
    <ul
      className="MuiGridList-root members-grid"
      style={
        Object {
          "margin": -1.5,
        }
      }
    >
      <li
        className="MuiGridListTile-root members-grid-tile"
        id="members-grid-tile-2"
        onClick={[Function]}
        style={
          Object {
            "height": "auto",
            "padding": 1.5,
            "width": "33.333333333333336%",
          }
        }
      >
        <div
          className="MuiGridListTile-tile"
        >
          <div
            className="member-image-container"
          >
            <img
              alt="Second"
              className="member-image"
              src="placeholder-rectangle.png"
            />
            <div
              className="member-image-content"
            >
              <p>
                Second Member1
              </p>
              <div
                className="member-image-icon"
              >
                <svg
                  aria-hidden="true"
                  className="svg-inline--fa fa-cog fa-w-16 fa-1x "
                  data-icon="cog"
                  data-prefix="fas"
                  focusable="false"
                  role="img"
                  style={Object {}}
                  viewBox="0 0 512 512"
                  xmlns="http://www.w3.org/2000/svg"
                >
                  <path
                    d="M487.4 315.7l-42.6-24.6c4.3-23.2 4.3-47 0-70.2l42.6-24.6c4.9-2.8 7.1-8.6 5.5-14-11.1-35.6-30-67.8-54.7-94.6-3.8-4.1-10-5.1-14.8-2.3L380.8 110c-17.9-15.4-38.5-27.3-60.8-35.1V25.8c0-5.6-3.9-10.5-9.4-11.7-36.7-8.2-74.3-7.8-109.2 0-5.5 1.2-9.4 6.1-9.4 11.7V75c-22.2 7.9-42.8 19.8-60.8 35.1L88.7 85.5c-4.9-2.8-11-1.9-14.8 2.3-24.7 26.7-43.6 58.9-54.7 94.6-1.7 5.4.6 11.2 5.5 14L67.3 221c-4.3 23.2-4.3 47 0 70.2l-42.6 24.6c-4.9 2.8-7.1 8.6-5.5 14 11.1 35.6 30 67.8 54.7 94.6 3.8 4.1 10 5.1 14.8 2.3l42.6-24.6c17.9 15.4 38.5 27.3 60.8 35.1v49.2c0 5.6 3.9 10.5 9.4 11.7 36.7 8.2 74.3 7.8 109.2 0 5.5-1.2 9.4-6.1 9.4-11.7v-49.2c22.2-7.9 42.8-19.8 60.8-35.1l42.6 24.6c4.9 2.8 11 1.9 14.8-2.3 24.7-26.7 43.6-58.9 54.7-94.6 1.5-5.5-.7-11.3-5.6-14.1zM256 336c-44.1 0-80-35.9-80-80s35.9-80 80-80 80 35.9 80 80-35.9 80-80 80z"
                    fill="currentColor"
                    style={Object {}}
                  />
                </svg>
              </div>
            </div>
          </div>
        </div>
      </li>
      <li
        className="MuiGridListTile-root members-grid-tile"
        id="members-grid-tile-3"
        onClick={[Function]}
        style={
          Object {
            "height": "auto",
            "padding": 1.5,
            "width": "33.333333333333336%",
          }
        }
      >
        <div
          className="MuiGridListTile-tile"
        >
          <div
            className="member-image-container"
          >
            <img
              alt="Fourth"
              className="member-image"
              src="placeholder-rectangle.png"
            />
            <div
              className="member-image-content"
            >
              <p>
                Fourth Member4
              </p>
              <div
                className="member-image-icon"
              >
                <svg
                  aria-hidden="true"
                  className="svg-inline--fa fa-microchip fa-w-16 fa-1x "
                  data-icon="microchip"
                  data-prefix="fas"
                  focusable="false"
                  role="img"
                  style={Object {}}
                  viewBox="0 0 512 512"
                  xmlns="http://www.w3.org/2000/svg"
                >
                  <path
                    d="M416 48v416c0 26.51-21.49 48-48 48H144c-26.51 0-48-21.49-48-48V48c0-26.51 21.49-48 48-48h224c26.51 0 48 21.49 48 48zm96 58v12a6 6 0 0 1-6 6h-18v6a6 6 0 0 1-6 6h-42V88h42a6 6 0 0 1 6 6v6h18a6 6 0 0 1 6 6zm0 96v12a6 6 0 0 1-6 6h-18v6a6 6 0 0 1-6 6h-42v-48h42a6 6 0 0 1 6 6v6h18a6 6 0 0 1 6 6zm0 96v12a6 6 0 0 1-6 6h-18v6a6 6 0 0 1-6 6h-42v-48h42a6 6 0 0 1 6 6v6h18a6 6 0 0 1 6 6zm0 96v12a6 6 0 0 1-6 6h-18v6a6 6 0 0 1-6 6h-42v-48h42a6 6 0 0 1 6 6v6h18a6 6 0 0 1 6 6zM30 376h42v48H30a6 6 0 0 1-6-6v-6H6a6 6 0 0 1-6-6v-12a6 6 0 0 1 6-6h18v-6a6 6 0 0 1 6-6zm0-96h42v48H30a6 6 0 0 1-6-6v-6H6a6 6 0 0 1-6-6v-12a6 6 0 0 1 6-6h18v-6a6 6 0 0 1 6-6zm0-96h42v48H30a6 6 0 0 1-6-6v-6H6a6 6 0 0 1-6-6v-12a6 6 0 0 1 6-6h18v-6a6 6 0 0 1 6-6zm0-96h42v48H30a6 6 0 0 1-6-6v-6H6a6 6 0 0 1-6-6v-12a6 6 0 0 1 6-6h18v-6a6 6 0 0 1 6-6z"
                    fill="currentColor"
                    style={Object {}}
                  />
                </svg>
              </div>
            </div>
          </div>
        </div>
      </li>
      <li
        className="MuiGridListTile-root members-grid-tile"
        id="members-grid-tile-6"
        onClick={[Function]}
        style={
          Object {
            "height": "auto",
            "padding": 1.5,
            "width": "33.333333333333336%",
          }
        }
      >
        <div
          className="MuiGridListTile-tile"
        >
          <div
            className="member-image-container"
          >
            <img
              alt="Sixth"
              className="member-image"
              src="placeholder-rectangle.png"
            />
            <div
              className="member-image-content"
            >
              <p>
                Sixth Member6
              </p>
              <div
                className="member-image-icon"
              >
                <svg
                  aria-hidden="true"
                  className="svg-inline--fa fa-rocket fa-w-16 fa-1x "
                  data-icon="rocket"
                  data-prefix="fas"
                  focusable="false"
                  role="img"
                  style={Object {}}
                  viewBox="0 0 512 512"
                  xmlns="http://www.w3.org/2000/svg"
                >
                  <path
                    d="M505.12019,19.09375c-1.18945-5.53125-6.65819-11-12.207-12.1875C460.716,0,435.507,0,410.40747,0,307.17523,0,245.26909,55.20312,199.05238,128H94.83772c-16.34763.01562-35.55658,11.875-42.88664,26.48438L2.51562,253.29688A28.4,28.4,0,0,0,0,264a24.00867,24.00867,0,0,0,24.00582,24H127.81618l-22.47457,22.46875c-11.36521,11.36133-12.99607,32.25781,0,45.25L156.24582,406.625c11.15623,11.1875,32.15619,13.15625,45.27726,0l22.47457-22.46875V488a24.00867,24.00867,0,0,0,24.00581,24,28.55934,28.55934,0,0,0,10.707-2.51562l98.72834-49.39063c14.62888-7.29687,26.50776-26.5,26.50776-42.85937V312.79688c72.59753-46.3125,128.03493-108.40626,128.03493-211.09376C512.07526,76.5,512.07526,51.29688,505.12019,19.09375ZM384.04033,168A40,40,0,1,1,424.05,128,40.02322,40.02322,0,0,1,384.04033,168Z"
                    fill="currentColor"
                    style={Object {}}
                  />
                </svg>
              </div>
            </div>
          </div>
        </div>
      </li>
    </ul>
  </div>
</div>
`;
