// Jest Snapshot v1, https://goo.gl/fbAQLP

exports[`<Projects> matches snapshot with: Large width: ProjectsLargeView.test.js.snap 1`] = `
"<Fragment>
  <HeaderBanner title=\\"Projects\\" mainText={{...}} subText={{...}} bgColorScheme={{...}} iconColorScheme={{...}} />
  <ProjectsContent main_projects={{...}} carousels={{...}} other_projects={{...}} />
</Fragment>"
`;

exports[`<Projects> matches snapshot with: Small width: ProjectsSmallView.test.js.snap 1`] = `
"<Fragment>
  <HeaderBanner title=\\"Projects\\" mainText={{...}} subText={{...}} bgColorScheme={{...}} iconColorScheme={{...}} />
  <ProjectsContent main_projects={{...}} carousels={{...}} other_projects={{...}} />
</Fragment>"
`;
