// Jest Snapshot v1, https://goo.gl/fbAQLP

exports[`<ProjectCard> matches snapshot: Large width: ProjectCardLargeView.test.js.snap 1`] = `
"<ProjectsCard project={{...}} index={0} show_scrollers={false}>
  <div>
    <ForwardRef(Fade) in={true} timeout={2000}>
      <Transition appear={true} in={true} nodeRef={[undefined]} onEnter={[Function (anonymous)]} onEntered={[Function (anonymous)]} onEntering={[Function (anonymous)]} onExit={[Function (anonymous)]} onExited={[Function (anonymous)]} onExiting={[Function (anonymous)]} timeout={2000} mountOnEnter={false} unmountOnExit={false} enter={true} exit={true}>
        <Row className=\\"projects-card\\" style={{...}} noGutters={false}>
          <div style={{...}} className=\\"projects-card row\\">
            <Col xs={6}>
              <div className=\\"col-6\\">
                <img src=\\"project-1.jpg\\" className=\\"card-image\\" alt=\\"project-1\\" />
              </div>
            </Col>
            <ForwardRef(Grow) in={true} timeout={1500} style={{...}}>
              <Transition appear={true} in={true} nodeRef={[undefined]} onEnter={[Function (anonymous)]} onEntered={[Function (anonymous)]} onEntering={[Function (anonymous)]} onExit={[Function (anonymous)]} onExited={[Function (anonymous)]} onExiting={[Function (anonymous)]} addEndListener={[Function: addEndListener]} timeout={1500} mountOnEnter={false} unmountOnExit={false} enter={true} exit={true}>
                <Col xs={6} className=\\"card-info\\" style={{...}}>
                  <div style={{...}} className=\\"card-info col-6\\">
                    <h2 className=\\"title-text-card\\">
                      project-1
                    </h2>
                    <div className=\\"main-text-projects\\">
                      <p>
                        description-1
                      </p>
                    </div>
                    <button type=\\"button\\" className=\\"card-button\\" onClick={[Function: onClick]} variant=\\"outline-primary\\">
                      Learn more
                    </button>
                  </div>
                </Col>
              </Transition>
            </ForwardRef(Grow)>
          </div>
        </Row>
      </Transition>
    </ForwardRef(Fade)>
    <div />
  </div>
</ProjectsCard>"
`;

exports[`<ProjectCard> matches snapshot: Small width: ProjectCardSmallView.test.js.snap 1`] = `
<div
  className="projects-card"
>
  <div
    className="title-text-card"
  >
    <h2>
      project-1
    </h2>
  </div>
  <div
    className="card-image-container"
  >
    <img
      alt="project-1"
      className="card-image"
      src="project-1.jpg"
    />
  </div>
  <div
    className="main-text-projects-description"
  >
    description-1
  </div>
  <div
    className="button-div"
  >
    <button
      className="card-button-small"
      onClick={[Function]}
      type="button"
      variant="outline-primary"
    >
      Learn more
    </button>
  </div>
</div>
`;
