// Jest Snapshot v1, https://goo.gl/fbAQLP

exports[`<ProjectsCarousel> matches snapshot with: Large width: ProjectsCarouselLargeView.test.js.snap 1`] = `
"<div className=\\"project-carousels\\">
  <WithStyles(Carousel) className=\\"project-carousel\\" navButtonsAlwaysVisible={true} timeout={200} animation=\\"slide\\" autoPlay={false} index={1}>
    <ProjectsCard project={{...}} index={0} show_scrollers={false} />
    <ProjectsCard project={{...}} index={1} show_scrollers={false} />
  </WithStyles(Carousel)>
  <WithStyles(Carousel) className=\\"project-carousel\\" navButtonsAlwaysVisible={true} timeout={200} animation=\\"slide\\" autoPlay={false} index={0}>
    <ProjectsCard project={{...}} index={0} show_scrollers={false} />
    <ProjectsCard project={{...}} index={1} show_scrollers={false} />
  </WithStyles(Carousel)>
</div>"
`;

exports[`<ProjectsCarousel> matches snapshot with: Small width: ProjectsCarouselSmallView.test.js.snap 1`] = `
"<div className=\\"project-carousels\\">
  <WithStyles(Carousel) className=\\"project-carousel\\" navButtonsAlwaysVisible={true} timeout={200} animation=\\"slide\\" autoPlay={false} index={1}>
    <ProjectsCard project={{...}} index={0} show_scrollers={false} />
    <ProjectsCard project={{...}} index={1} show_scrollers={false} />
  </WithStyles(Carousel)>
  <WithStyles(Carousel) className=\\"project-carousel\\" navButtonsAlwaysVisible={true} timeout={200} animation=\\"slide\\" autoPlay={false} index={0}>
    <ProjectsCard project={{...}} index={0} show_scrollers={false} />
    <ProjectsCard project={{...}} index={1} show_scrollers={false} />
  </WithStyles(Carousel)>
</div>"
`;
