// Jest Snapshot v1, https://goo.gl/fbAQLP

exports[`Matches snapshot 1`] = `
<div
  className="members-join-us"
  data-testid="members-join-us"
>
  <button
    className="members-join-us-button members-join-us-button-contain members-join-us-button-text"
    data-testid="members-join-us-button"
    type="button"
  >
    Join the Team
  </button>
</div>
`;
