// Jest Snapshot v1, https://goo.gl/fbAQLP

exports[`<ProjectsContent> matches snapshot: Large width: ProjectsContentLargeView.test.js.snap 1`] = `
"<div className=\\"projects-content\\">
  <div style={{...}} />
  <div style={{...}} />
  <ProjectsContent project_carousels={{...}} main_counter={2} />
  <ProjectsOther projects={{...}} />
</div>"
`;

exports[`<ProjectsContent> matches snapshot: Small width: ProjectsContentSmallView.test.js.snap 1`] = `ShallowWrapper {}`;
